
Allocating common symbols
Common symbol       size              file

del                 0x4               ..\obj\main.o
temp                0x4               ..\obj\main.o
second              0x4               ..\obj\main.o
minute              0x4               ..\obj\main.o
Time                0x3               ..\obj\main.o
hours               0x4               ..\obj\main.o

Discarded input sections

 .text          0x00000000        0x0 ..\obj\stm32f10x_rtc.o
 .data          0x00000000        0x0 ..\obj\stm32f10x_rtc.o
 .bss           0x00000000        0x0 ..\obj\stm32f10x_rtc.o
 .text.RTC_ITConfig
                0x00000000       0x4c ..\obj\stm32f10x_rtc.o
 .text.RTC_SetAlarm
                0x00000000       0x30 ..\obj\stm32f10x_rtc.o
 .text.RTC_GetDivider
                0x00000000       0x38 ..\obj\stm32f10x_rtc.o
 .text.RTC_WaitForLastTask
                0x00000000       0x20 ..\obj\stm32f10x_rtc.o
 .text.RTC_GetFlagStatus
                0x00000000       0x38 ..\obj\stm32f10x_rtc.o
 .text.RTC_ClearFlag
                0x00000000       0x2c ..\obj\stm32f10x_rtc.o
 .text.RTC_GetITStatus
                0x00000000       0x50 ..\obj\stm32f10x_rtc.o
 .text.RTC_ClearITPendingBit
                0x00000000       0x2c ..\obj\stm32f10x_rtc.o
 .text          0x00000000        0x0 ..\obj\stm32f10x_tim.o
 .data          0x00000000        0x0 ..\obj\stm32f10x_tim.o
 .bss           0x00000000        0x0 ..\obj\stm32f10x_tim.o
 .text.TIM_DeInit
                0x00000000      0x22c ..\obj\stm32f10x_tim.o
 .text.TIM_TimeBaseInit
                0x00000000       0xf8 ..\obj\stm32f10x_tim.o
 .text.TIM_OC1Init
                0x00000000      0x118 ..\obj\stm32f10x_tim.o
 .text.TIM_OC2Init
                0x00000000      0x110 ..\obj\stm32f10x_tim.o
 .text.TIM_OC3Init
                0x00000000      0x10c ..\obj\stm32f10x_tim.o
 .text.TIM_OC4Init
                0x00000000       0xd0 ..\obj\stm32f10x_tim.o
 .text.TIM_ICInit
                0x00000000       0xa8 ..\obj\stm32f10x_tim.o
 .text.TIM_PWMIConfig
                0x00000000       0xb8 ..\obj\stm32f10x_tim.o
 .text.TIM_BDTRConfig
                0x00000000       0x50 ..\obj\stm32f10x_tim.o
 .text.TIM_TimeBaseStructInit
                0x00000000       0x34 ..\obj\stm32f10x_tim.o
 .text.TIM_OCStructInit
                0x00000000       0x44 ..\obj\stm32f10x_tim.o
 .text.TIM_ICStructInit
                0x00000000       0x30 ..\obj\stm32f10x_tim.o
 .text.TIM_BDTRStructInit
                0x00000000       0x3c ..\obj\stm32f10x_tim.o
 .text.TIM_CtrlPWMOutputs
                0x00000000       0x4c ..\obj\stm32f10x_tim.o
 .text.TIM_GenerateEvent
                0x00000000       0x1c ..\obj\stm32f10x_tim.o
 .text.TIM_DMAConfig
                0x00000000       0x28 ..\obj\stm32f10x_tim.o
 .text.TIM_DMACmd
                0x00000000       0x48 ..\obj\stm32f10x_tim.o
 .text.TIM_InternalClockConfig
                0x00000000       0x24 ..\obj\stm32f10x_tim.o
 .text.TIM_ITRxExternalClockConfig
                0x00000000       0x30 ..\obj\stm32f10x_tim.o
 .text.TIM_TIxExternalClockConfig
                0x00000000       0x5c ..\obj\stm32f10x_tim.o
 .text.TIM_ETRClockMode1Config
                0x00000000       0x60 ..\obj\stm32f10x_tim.o
 .text.TIM_ETRClockMode2Config
                0x00000000       0x40 ..\obj\stm32f10x_tim.o
 .text.TIM_ETRConfig
                0x00000000       0x54 ..\obj\stm32f10x_tim.o
 .text.TIM_PrescalerConfig
                0x00000000       0x28 ..\obj\stm32f10x_tim.o
 .text.TIM_CounterModeConfig
                0x00000000       0x38 ..\obj\stm32f10x_tim.o
 .text.TIM_SelectInputTrigger
                0x00000000       0x38 ..\obj\stm32f10x_tim.o
 .text.TIM_EncoderInterfaceConfig
                0x00000000       0x98 ..\obj\stm32f10x_tim.o
 .text.TIM_ForcedOC1Config
                0x00000000       0x38 ..\obj\stm32f10x_tim.o
 .text.TIM_ForcedOC2Config
                0x00000000       0x3c ..\obj\stm32f10x_tim.o
 .text.TIM_ForcedOC3Config
                0x00000000       0x38 ..\obj\stm32f10x_tim.o
 .text.TIM_ForcedOC4Config
                0x00000000       0x3c ..\obj\stm32f10x_tim.o
 .text.TIM_ARRPreloadConfig
                0x00000000       0x40 ..\obj\stm32f10x_tim.o
 .text.TIM_SelectCOM
                0x00000000       0x40 ..\obj\stm32f10x_tim.o
 .text.TIM_SelectCCDMA
                0x00000000       0x40 ..\obj\stm32f10x_tim.o
 .text.TIM_CCPreloadControl
                0x00000000       0x40 ..\obj\stm32f10x_tim.o
 .text.TIM_OC1PreloadConfig
                0x00000000       0x38 ..\obj\stm32f10x_tim.o
 .text.TIM_OC2PreloadConfig
                0x00000000       0x3c ..\obj\stm32f10x_tim.o
 .text.TIM_OC3PreloadConfig
                0x00000000       0x38 ..\obj\stm32f10x_tim.o
 .text.TIM_OC4PreloadConfig
                0x00000000       0x3c ..\obj\stm32f10x_tim.o
 .text.TIM_OC1FastConfig
                0x00000000       0x38 ..\obj\stm32f10x_tim.o
 .text.TIM_OC2FastConfig
                0x00000000       0x3c ..\obj\stm32f10x_tim.o
 .text.TIM_OC3FastConfig
                0x00000000       0x38 ..\obj\stm32f10x_tim.o
 .text.TIM_OC4FastConfig
                0x00000000       0x3c ..\obj\stm32f10x_tim.o
 .text.TIM_ClearOC1Ref
                0x00000000       0x38 ..\obj\stm32f10x_tim.o
 .text.TIM_ClearOC2Ref
                0x00000000       0x3c ..\obj\stm32f10x_tim.o
 .text.TIM_ClearOC3Ref
                0x00000000       0x38 ..\obj\stm32f10x_tim.o
 .text.TIM_ClearOC4Ref
                0x00000000       0x3c ..\obj\stm32f10x_tim.o
 .text.TIM_OC1PolarityConfig
                0x00000000       0x38 ..\obj\stm32f10x_tim.o
 .text.TIM_OC1NPolarityConfig
                0x00000000       0x38 ..\obj\stm32f10x_tim.o
 .text.TIM_OC2PolarityConfig
                0x00000000       0x3c ..\obj\stm32f10x_tim.o
 .text.TIM_OC2NPolarityConfig
                0x00000000       0x3c ..\obj\stm32f10x_tim.o
 .text.TIM_OC3PolarityConfig
                0x00000000       0x3c ..\obj\stm32f10x_tim.o
 .text.TIM_OC3NPolarityConfig
                0x00000000       0x3c ..\obj\stm32f10x_tim.o
 .text.TIM_OC4PolarityConfig
                0x00000000       0x3c ..\obj\stm32f10x_tim.o
 .text.TIM_CCxCmd
                0x00000000       0x54 ..\obj\stm32f10x_tim.o
 .text.TIM_CCxNCmd
                0x00000000       0x54 ..\obj\stm32f10x_tim.o
 .text.TIM_SelectOCxM
                0x00000000       0xac ..\obj\stm32f10x_tim.o
 .text.TIM_UpdateDisableConfig
                0x00000000       0x40 ..\obj\stm32f10x_tim.o
 .text.TIM_UpdateRequestConfig
                0x00000000       0x40 ..\obj\stm32f10x_tim.o
 .text.TIM_SelectHallSensor
                0x00000000       0x40 ..\obj\stm32f10x_tim.o
 .text.TIM_SelectOnePulseMode
                0x00000000       0x38 ..\obj\stm32f10x_tim.o
 .text.TIM_SelectOutputTrigger
                0x00000000       0x38 ..\obj\stm32f10x_tim.o
 .text.TIM_SelectSlaveMode
                0x00000000       0x38 ..\obj\stm32f10x_tim.o
 .text.TIM_SelectMasterSlaveMode
                0x00000000       0x38 ..\obj\stm32f10x_tim.o
 .text.TIM_SetCounter
                0x00000000       0x1c ..\obj\stm32f10x_tim.o
 .text.TIM_SetAutoreload
                0x00000000       0x1c ..\obj\stm32f10x_tim.o
 .text.TIM_SetCompare1
                0x00000000       0x1c ..\obj\stm32f10x_tim.o
 .text.TIM_SetCompare2
                0x00000000       0x1c ..\obj\stm32f10x_tim.o
 .text.TIM_SetCompare3
                0x00000000       0x1c ..\obj\stm32f10x_tim.o
 .text.TIM_SetCompare4
                0x00000000       0x20 ..\obj\stm32f10x_tim.o
 .text.TIM_SetIC1Prescaler
                0x00000000       0x38 ..\obj\stm32f10x_tim.o
 .text.TIM_SetIC2Prescaler
                0x00000000       0x3c ..\obj\stm32f10x_tim.o
 .text.TIM_SetIC3Prescaler
                0x00000000       0x38 ..\obj\stm32f10x_tim.o
 .text.TIM_SetIC4Prescaler
                0x00000000       0x3c ..\obj\stm32f10x_tim.o
 .text.TIM_SetClockDivision
                0x00000000       0x38 ..\obj\stm32f10x_tim.o
 .text.TIM_GetCapture1
                0x00000000       0x18 ..\obj\stm32f10x_tim.o
 .text.TIM_GetCapture2
                0x00000000       0x18 ..\obj\stm32f10x_tim.o
 .text.TIM_GetCapture3
                0x00000000       0x18 ..\obj\stm32f10x_tim.o
 .text.TIM_GetCapture4
                0x00000000       0x1c ..\obj\stm32f10x_tim.o
 .text.TIM_GetCounter
                0x00000000       0x18 ..\obj\stm32f10x_tim.o
 .text.TIM_GetPrescaler
                0x00000000       0x18 ..\obj\stm32f10x_tim.o
 .text.TIM_GetFlagStatus
                0x00000000       0x38 ..\obj\stm32f10x_tim.o
 .text.TIM_ClearFlag
                0x00000000       0x20 ..\obj\stm32f10x_tim.o
 .text.TIM_GetITStatus
                0x00000000       0x54 ..\obj\stm32f10x_tim.o
 .text.TI1_Config
                0x00000000       0xe0 ..\obj\stm32f10x_tim.o
 .text.TI2_Config
                0x00000000       0xf4 ..\obj\stm32f10x_tim.o
 .text.TI3_Config
                0x00000000       0xec ..\obj\stm32f10x_tim.o
 .text.TI4_Config
                0x00000000       0xf8 ..\obj\stm32f10x_tim.o
 .text          0x00000000        0x0 ..\obj\startup_stm32f10x_md_vl.o
 .data          0x00000000        0x0 ..\obj\startup_stm32f10x_md_vl.o
 .bss           0x00000000        0x0 ..\obj\startup_stm32f10x_md_vl.o
 .text          0x00000000        0x0 ..\obj\system_stm32f10x.o
 .data          0x00000000       0x14 ..\obj\system_stm32f10x.o
 .bss           0x00000000        0x0 ..\obj\system_stm32f10x.o
 .text.SystemCoreClockUpdate
                0x00000000       0xd4 ..\obj\system_stm32f10x.o
 .text          0x00000000        0x0 ..\obj\stm32f10x_pwr.o
 .data          0x00000000        0x0 ..\obj\stm32f10x_pwr.o
 .bss           0x00000000        0x0 ..\obj\stm32f10x_pwr.o
 .text.PWR_DeInit
                0x00000000       0x1c ..\obj\stm32f10x_pwr.o
 .text.PWR_PVDCmd
                0x00000000       0x20 ..\obj\stm32f10x_pwr.o
 .text.PWR_PVDLevelConfig
                0x00000000       0x38 ..\obj\stm32f10x_pwr.o
 .text.PWR_WakeUpPinCmd
                0x00000000       0x20 ..\obj\stm32f10x_pwr.o
 .text.PWR_EnterSTOPMode
                0x00000000       0x64 ..\obj\stm32f10x_pwr.o
 .text.PWR_EnterSTANDBYMode
                0x00000000       0x3c ..\obj\stm32f10x_pwr.o
 .text.PWR_GetFlagStatus
                0x00000000       0x34 ..\obj\stm32f10x_pwr.o
 .text.PWR_ClearFlag
                0x00000000       0x24 ..\obj\stm32f10x_pwr.o
 .text          0x00000000        0x0 ..\obj\stm32f10x_gpio.o
 .data          0x00000000        0x0 ..\obj\stm32f10x_gpio.o
 .bss           0x00000000        0x0 ..\obj\stm32f10x_gpio.o
 .text.GPIO_DeInit
                0x00000000       0xe4 ..\obj\stm32f10x_gpio.o
 .text.GPIO_AFIODeInit
                0x00000000       0x18 ..\obj\stm32f10x_gpio.o
 .text.GPIO_ReadInputData
                0x00000000       0x18 ..\obj\stm32f10x_gpio.o
 .text.GPIO_ReadOutputDataBit
                0x00000000       0x34 ..\obj\stm32f10x_gpio.o
 .text.GPIO_ReadOutputData
                0x00000000       0x18 ..\obj\stm32f10x_gpio.o
 .text.GPIO_WriteBit
                0x00000000       0x30 ..\obj\stm32f10x_gpio.o
 .text.GPIO_PinLockConfig
                0x00000000       0x44 ..\obj\stm32f10x_gpio.o
 .text.GPIO_EventOutputConfig
                0x00000000       0x4c ..\obj\stm32f10x_gpio.o
 .text.GPIO_EventOutputCmd
                0x00000000       0x20 ..\obj\stm32f10x_gpio.o
 .text.GPIO_PinRemapConfig
                0x00000000       0xe0 ..\obj\stm32f10x_gpio.o
 .text.GPIO_EXTILineConfig
                0x00000000       0x84 ..\obj\stm32f10x_gpio.o
 .text.GPIO_ETH_MediaInterfaceConfig
                0x00000000       0x1c ..\obj\stm32f10x_gpio.o
 .text          0x00000000        0x0 ..\obj\main.o
 .text.Init_pin_in
                0x00000000       0x34 ..\obj\main.o
 .text.Return_home
                0x00000000       0x10 ..\obj\main.o
 .text.Lcd_definechar
                0x00000000       0x50 ..\obj\main.o
 .text          0x00000000        0x0 ..\obj\stm32f10x_rcc.o
 .data          0x00000000       0x14 ..\obj\stm32f10x_rcc.o
 .bss           0x00000000        0x0 ..\obj\stm32f10x_rcc.o
 .text.RCC_DeInit
                0x00000000       0x64 ..\obj\stm32f10x_rcc.o
 .text.RCC_HSEConfig
                0x00000000       0x5c ..\obj\stm32f10x_rcc.o
 .text.RCC_WaitForHSEStartUp
                0x00000000       0x50 ..\obj\stm32f10x_rcc.o
 .text.RCC_AdjustHSICalibrationValue
                0x00000000       0x3c ..\obj\stm32f10x_rcc.o
 .text.RCC_HSICmd
                0x00000000       0x20 ..\obj\stm32f10x_rcc.o
 .text.RCC_PLLConfig
                0x00000000       0x3c ..\obj\stm32f10x_rcc.o
 .text.RCC_PLLCmd
                0x00000000       0x20 ..\obj\stm32f10x_rcc.o
 .text.RCC_PREDIV1Config
                0x00000000       0x40 ..\obj\stm32f10x_rcc.o
 .text.RCC_SYSCLKConfig
                0x00000000       0x38 ..\obj\stm32f10x_rcc.o
 .text.RCC_GetSYSCLKSource
                0x00000000       0x1c ..\obj\stm32f10x_rcc.o
 .text.RCC_HCLKConfig
                0x00000000       0x38 ..\obj\stm32f10x_rcc.o
 .text.RCC_PCLK1Config
                0x00000000       0x38 ..\obj\stm32f10x_rcc.o
 .text.RCC_PCLK2Config
                0x00000000       0x38 ..\obj\stm32f10x_rcc.o
 .text.RCC_ITConfig
                0x00000000       0x4c ..\obj\stm32f10x_rcc.o
 .text.RCC_USBCLKConfig
                0x00000000       0x1c ..\obj\stm32f10x_rcc.o
 .text.RCC_ADCCLKConfig
                0x00000000       0x38 ..\obj\stm32f10x_rcc.o
 .text.RCC_LSICmd
                0x00000000       0x20 ..\obj\stm32f10x_rcc.o
 .text.RCC_GetClocksFreq
                0x00000000      0x15c ..\obj\stm32f10x_rcc.o
 .text.RCC_AHBPeriphClockCmd
                0x00000000       0x3c ..\obj\stm32f10x_rcc.o
 .text.RCC_APB2PeriphResetCmd
                0x00000000       0x3c ..\obj\stm32f10x_rcc.o
 .text.RCC_APB1PeriphResetCmd
                0x00000000       0x3c ..\obj\stm32f10x_rcc.o
 .text.RCC_ClockSecuritySystemCmd
                0x00000000       0x20 ..\obj\stm32f10x_rcc.o
 .text.RCC_MCOConfig
                0x00000000       0x20 ..\obj\stm32f10x_rcc.o
 .text.RCC_GetFlagStatus
                0x00000000       0x74 ..\obj\stm32f10x_rcc.o
 .text.RCC_ClearFlag
                0x00000000       0x1c ..\obj\stm32f10x_rcc.o
 .text.RCC_GetITStatus
                0x00000000       0x34 ..\obj\stm32f10x_rcc.o
 .text.RCC_ClearITPendingBit
                0x00000000       0x20 ..\obj\stm32f10x_rcc.o
 .text          0x00000000        0x0 ..\obj\syscalls.o
 .data          0x00000000        0x0 ..\obj\syscalls.o
 .bss           0x00000000        0x4 ..\obj\syscalls.o
 .text._sbrk    0x00000000       0x3c ..\obj\syscalls.o
 .text.link     0x00000000       0x18 ..\obj\syscalls.o
 .text._close   0x00000000       0x18 ..\obj\syscalls.o
 .text._fstat   0x00000000       0x20 ..\obj\syscalls.o
 .text._isatty  0x00000000       0x14 ..\obj\syscalls.o
 .text._lseek   0x00000000       0x18 ..\obj\syscalls.o
 .text._read    0x00000000       0x18 ..\obj\syscalls.o
 .text._write   0x00000000       0x18 ..\obj\syscalls.o
 .text.abort    0x00000000        0x8 ..\obj\syscalls.o
 .debug_info    0x00000000      0x458 ..\obj\syscalls.o
 .debug_abbrev  0x00000000       0xe5 ..\obj\syscalls.o
 .debug_aranges
                0x00000000       0x60 ..\obj\syscalls.o
 .debug_ranges  0x00000000       0x50 ..\obj\syscalls.o
 .debug_line    0x00000000      0x1c0 ..\obj\syscalls.o
 .debug_str     0x00000000      0x321 ..\obj\syscalls.o
 .comment       0x00000000       0x6f ..\obj\syscalls.o
 .debug_frame   0x00000000      0x168 ..\obj\syscalls.o
 .ARM.attributes
                0x00000000       0x33 ..\obj\syscalls.o

Memory Configuration

Name             Origin             Length             Attributes
rom              0x08000000         0x00020000         xr
ram              0x20000000         0x00002000         xrw
*default*        0x00000000         0xffffffff

Linker script and memory map

                0x20002000                _eram = 0x20002000

.text           0x08000000     0x1807
 *(.isr_vector)
 .isr_vector    0x08000000      0x124 ..\obj\startup_stm32f10x_md_vl.o
                0x08000000                g_pfnVectors
 *(.text*)
 .text.RTC_EnterConfigMode
                0x08000124       0x20 ..\obj\stm32f10x_rtc.o
                0x08000124                RTC_EnterConfigMode
 .text.RTC_ExitConfigMode
                0x08000144       0x20 ..\obj\stm32f10x_rtc.o
                0x08000144                RTC_ExitConfigMode
 .text.RTC_GetCounter
                0x08000164       0x2c ..\obj\stm32f10x_rtc.o
                0x08000164                RTC_GetCounter
 .text.RTC_SetCounter
                0x08000190       0x30 ..\obj\stm32f10x_rtc.o
                0x08000190                RTC_SetCounter
 .text.RTC_SetPrescaler
                0x080001c0       0x34 ..\obj\stm32f10x_rtc.o
                0x080001c0                RTC_SetPrescaler
 .text.RTC_WaitForSynchro
                0x080001f4       0x30 ..\obj\stm32f10x_rtc.o
                0x080001f4                RTC_WaitForSynchro
 .text.TIM_Cmd  0x08000224       0x40 ..\obj\stm32f10x_tim.o
                0x08000224                TIM_Cmd
 .text.TIM_ITConfig
                0x08000264       0x48 ..\obj\stm32f10x_tim.o
                0x08000264                TIM_ITConfig
 .text.TIM_ClearITPendingBit
                0x080002ac       0x20 ..\obj\stm32f10x_tim.o
                0x080002ac                TIM_ClearITPendingBit
 .text.Default_Reset_Handler
                0x080002cc       0x60 ..\obj\startup_stm32f10x_md_vl.o
                0x080002cc                Default_Reset_Handler
                0x080002cc                Reset_Handler
 .text.Default_Handler
                0x0800032c        0x8 ..\obj\startup_stm32f10x_md_vl.o
                0x0800032c                EXTI2_IRQHandler
                0x0800032c                DebugMon_Handler
                0x0800032c                TIM1_CC_IRQHandler
                0x0800032c                HardFault_Handler
                0x0800032c                SysTick_Handler
                0x0800032c                PVD_IRQHandler
                0x0800032c                PendSV_Handler
                0x0800032c                NMI_Handler
                0x0800032c                EXTI3_IRQHandler
                0x0800032c                EXTI0_IRQHandler
                0x0800032c                I2C2_EV_IRQHandler
                0x0800032c                TIM1_UP_TIM16_IRQHandler
                0x0800032c                UsageFault_Handler
                0x0800032c                SPI1_IRQHandler
                0x0800032c                TAMPER_IRQHandler
                0x0800032c                DMA1_Channel4_IRQHandler
                0x0800032c                ADC1_IRQHandler
                0x0800032c                USART3_IRQHandler
                0x0800032c                RTC_IRQHandler
                0x0800032c                DMA1_Channel7_IRQHandler
                0x0800032c                I2C1_EV_IRQHandler
                0x0800032c                DMA1_Channel6_IRQHandler
                0x0800032c                TIM3_IRQHandler
                0x0800032c                RCC_IRQHandler
                0x0800032c                DMA1_Channel1_IRQHandler
                0x0800032c                CEC_IRQHandler
                0x0800032c                EXTI15_10_IRQHandler
                0x0800032c                TIM7_IRQHandler
                0x0800032c                EXTI9_5_IRQHandler
                0x0800032c                SPI2_IRQHandler
                0x0800032c                MemManage_Handler
                0x0800032c                SVC_Handler
                0x0800032c                DMA1_Channel5_IRQHandler
                0x0800032c                EXTI4_IRQHandler
                0x0800032c                TIM1_TRG_COM_TIM17_IRQHandler
                0x0800032c                DMA1_Channel3_IRQHandler
                0x0800032c                WWDG_IRQHandler
                0x0800032c                EXTI1_IRQHandler
                0x0800032c                RTCAlarm_IRQHandler
                0x0800032c                USART2_IRQHandler
                0x0800032c                I2C2_ER_IRQHandler
                0x0800032c                DMA1_Channel2_IRQHandler
                0x0800032c                FLASH_IRQHandler
                0x0800032c                BusFault_Handler
                0x0800032c                USART1_IRQHandler
                0x0800032c                I2C1_ER_IRQHandler
                0x0800032c                TIM1_BRK_TIM15_IRQHandler
 .text.SystemInit
                0x08000334       0x70 ..\obj\system_stm32f10x.o
                0x08000334                SystemInit
 .text.SetSysClock
                0x080003a4        0xc ..\obj\system_stm32f10x.o
 .text.SetSysClockTo24
                0x080003b0       0xd4 ..\obj\system_stm32f10x.o
 .text.PWR_BackupAccessCmd
                0x08000484       0x20 ..\obj\stm32f10x_pwr.o
                0x08000484                PWR_BackupAccessCmd
 .text.GPIO_Init
                0x080004a4      0x178 ..\obj\stm32f10x_gpio.o
                0x080004a4                GPIO_Init
 .text.GPIO_StructInit
                0x0800061c       0x28 ..\obj\stm32f10x_gpio.o
                0x0800061c                GPIO_StructInit
 .text.GPIO_ReadInputDataBit
                0x08000644       0x34 ..\obj\stm32f10x_gpio.o
                0x08000644                GPIO_ReadInputDataBit
 .text.GPIO_SetBits
                0x08000678       0x1c ..\obj\stm32f10x_gpio.o
                0x08000678                GPIO_SetBits
 .text.GPIO_ResetBits
                0x08000694       0x1c ..\obj\stm32f10x_gpio.o
                0x08000694                GPIO_ResetBits
 .text.GPIO_Write
                0x080006b0       0x1c ..\obj\stm32f10x_gpio.o
                0x080006b0                GPIO_Write
 .text.NVIC_EnableIRQ
                0x080006cc       0x30 ..\obj\main.o
 .text.RTC_Init
                0x080006fc       0x68 ..\obj\main.o
                0x080006fc                RTC_Init
 .text.Time_To_RTC
                0x08000764       0x48 ..\obj\main.o
                0x08000764                Time_To_RTC
 .text.RTC_To_Time
                0x080007ac       0xac ..\obj\main.o
                0x080007ac                RTC_To_Time
 .text.clockTime
                0x08000858       0xbc ..\obj\main.o
                0x08000858                clockTime
 .text.Lesson   0x08000914       0xe4 ..\obj\main.o
                0x08000914                Lesson
 .text.TIM6_DAC_IRQHandler
                0x080009f8      0x100 ..\obj\main.o
                0x080009f8                TIM6_DAC_IRQHandler
 .text.show     0x08000af8       0xd4 ..\obj\main.o
                0x08000af8                show
 .text.TIM4_IRQHandler
                0x08000bcc      0x39c ..\obj\main.o
                0x08000bcc                TIM4_IRQHandler
 .text.TIM2_IRQHandler
                0x08000f68      0x22c ..\obj\main.o
                0x08000f68                TIM2_IRQHandler
 .text.main     0x08001194      0x12c ..\obj\main.o
                0x08001194                main
 .text.Lcd_write_str
                0x080012c0       0x44 ..\obj\main.o
                0x080012c0                Lcd_write_str
 .text.Lcd_goto
                0x08001304       0x8c ..\obj\main.o
                0x08001304                Lcd_goto
 .text.Init_pin_out
                0x08001390       0x34 ..\obj\main.o
                0x08001390                Init_pin_out
 .text.Lcd_write_cmd
                0x080013c4       0xfc ..\obj\main.o
                0x080013c4                Lcd_write_cmd
 .text.Lcd_write_data
                0x080014c0       0xf8 ..\obj\main.o
                0x080014c0                Lcd_write_data
 .text.Init_lcd
                0x080015b8       0x84 ..\obj\main.o
                0x080015b8                Init_lcd
 .text.Lcd_clear
                0x0800163c       0x10 ..\obj\main.o
                0x0800163c                Lcd_clear
 .text.RCC_LSEConfig
                0x0800164c       0x40 ..\obj\stm32f10x_rcc.o
                0x0800164c                RCC_LSEConfig
 .text.RCC_RTCCLKConfig
                0x0800168c       0x24 ..\obj\stm32f10x_rcc.o
                0x0800168c                RCC_RTCCLKConfig
 .text.RCC_RTCCLKCmd
                0x080016b0       0x20 ..\obj\stm32f10x_rcc.o
                0x080016b0                RCC_RTCCLKCmd
 .text.RCC_APB2PeriphClockCmd
                0x080016d0       0x3c ..\obj\stm32f10x_rcc.o
                0x080016d0                RCC_APB2PeriphClockCmd
 .text.RCC_APB1PeriphClockCmd
                0x0800170c       0x3c ..\obj\stm32f10x_rcc.o
                0x0800170c                RCC_APB1PeriphClockCmd
 .text.RCC_BackupResetCmd
                0x08001748       0x20 ..\obj\stm32f10x_rcc.o
                0x08001748                RCC_BackupResetCmd
 *(.init)
 *(.fini)
 *crtbegin.o(.ctors)
 *crtbegin?.o(.ctors)
 *(EXCLUDE_FILE(*crtend.o *crtend?.o) .ctors)
 *(SORT(.ctors.*))
 *(.ctors)
 *crtbegin.o(.dtors)
 *crtbegin?.o(.dtors)
 *(EXCLUDE_FILE(*crtend.o *crtend?.o) .dtors)
 *(SORT(.dtors.*))
 *(.dtors)
 *(.rodata*)
 .rodata        0x08001768       0x9f ..\obj\main.o
                0x08001768                russian
 *(.eh_fram e*)

.glue_7         0x08001808        0x0
 .glue_7        0x08001808        0x0 linker stubs

.glue_7t        0x08001808        0x0
 .glue_7t       0x08001808        0x0 linker stubs

.vfp11_veneer   0x08001808        0x0
 .vfp11_veneer  0x08001808        0x0 linker stubs

.v4_bx          0x08001808        0x0
 .v4_bx         0x08001808        0x0 linker stubs

.iplt           0x08001808        0x0
 .iplt          0x08001808        0x0 ..\obj\stm32f10x_rtc.o

.rel.dyn        0x08001808        0x0
 .rel.iplt      0x08001808        0x0 ..\obj\stm32f10x_rtc.o

.ARM.extab
 *(.ARM.extab* .gnu.linkonce.armextab.*)
                0x08001808                __exidx_start = .

.ARM.exidx
 *(.ARM.exidx* .gnu.linkonce.armexidx.*)
                0x08001808                __exidx_end = .
                0x08001808                __etext = .
                0x08001807                _sidata = __etext

.data           0x20000000       0x10 load address 0x08001807
                0x20000000                __data_start__ = .
                0x20000000                _sdata = __data_start__
 *(vtable)
 *(.data*)
 .data          0x20000000       0x10 ..\obj\main.o
                0x20000000                tools
                0x20000004                key
                0x20000008                result
                0x2000000c                count
                0x20000010                . = ALIGN (0x4)
                [!provide]                PROVIDE (__preinit_array_start, .)
 *(.preinit_array)
                [!provide]                PROVIDE (__preinit_array_end, .)
                0x20000010                . = ALIGN (0x4)
                [!provide]                PROVIDE (__init_array_start, .)
 *(SORT(.init_array.*))
 *(.init_array)
                [!provide]                PROVIDE (__init_array_end, .)
                0x20000010                . = ALIGN (0x4)
                [!provide]                PROVIDE (__fini_array_start, .)
 *(SORT(.fini_array.*))
 *(.fini_array)
                [!provide]                PROVIDE (__fini_array_end, .)
 *(.jcr*)
                0x20000010                . = ALIGN (0x4)
                0x20000010                __data_end__ = .
                0x20000010                _edata = __data_end__

.igot.plt       0x20000010        0x0 load address 0x08001818
 .igot.plt      0x20000010        0x0 ..\obj\stm32f10x_rtc.o

.bss            0x20000010       0x2c load address 0x08001818
                0x20000010                . = ALIGN (0x4)
                0x20000010                __bss_start__ = .
                0x20000010                _sbss = __bss_start__
 *(.bss*)
 .bss           0x20000010       0x14 ..\obj\main.o
                0x20000010                pisk
                0x20000014                first
                0x20000018                second_s
                0x2000001c                third
                0x20000020                set
 *(COMMON)
 COMMON         0x20000024       0x18 ..\obj\main.o
                0x20000024                del
                0x20000028                temp
                0x2000002c                second
                0x20000030                minute
                0x20000034                Time
                0x20000038                hours
                0x2000003c                . = ALIGN (0x4)
                0x2000003c                __bss_end__ = .
                0x2000003c                _ebss = __bss_end__

.heap           0x2000003c        0x0
                0x2000003c                __end__ = .
                0x2000003c                _end = __end__
                0x2000003c                end = __end__
 *(.heap*)
                0x2000003c                __HeapLimit = .

.co_stack       0x2000003c      0x404 load address 0x08001844
                0x20000040                . = ALIGN (0x8)
 *fill*         0x2000003c        0x4 
 *(.co_stack .co_stack.*)
 .co_stack      0x20000040      0x400 ..\obj\startup_stm32f10x_md_vl.o
                0x20000040                pulStack
                0x20002000                __StackTop = (ORIGIN (ram) + LENGTH (ram))
                0x20001bfc                __StackLimit = (__StackTop - SIZEOF (.co_stack))
                [!provide]                PROVIDE (__stack, __StackTop)
                0x00000001                ASSERT ((__StackLimit >= __HeapLimit), region ram  overflowed with stack)
LOAD ..\obj\stm32f10x_rtc.o
LOAD ..\obj\stm32f10x_tim.o
LOAD ..\obj\startup_stm32f10x_md_vl.o
LOAD ..\obj\system_stm32f10x.o
LOAD ..\obj\stm32f10x_pwr.o
LOAD ..\obj\stm32f10x_gpio.o
LOAD ..\obj\main.o
LOAD ..\obj\stm32f10x_rcc.o
LOAD ..\obj\syscalls.o
START GROUP
LOAD k:/gnu tools arm embedded/5.4 2016q3/bin/../lib/gcc/arm-none-eabi/5.4.1/armv7-m\libgcc.a
LOAD k:/gnu tools arm embedded/5.4 2016q3/bin/../lib/gcc/arm-none-eabi/5.4.1/../../../../arm-none-eabi/lib/armv7-m\libg.a
LOAD k:/gnu tools arm embedded/5.4 2016q3/bin/../lib/gcc/arm-none-eabi/5.4.1/../../../../arm-none-eabi/lib/armv7-m\libc.a
END GROUP
OUTPUT(Roma.elf elf32-littlearm)

.debug_info     0x00000000     0x4672
 .debug_info    0x00000000      0x43c ..\obj\stm32f10x_rtc.o
 .debug_info    0x0000043c     0x1c60 ..\obj\stm32f10x_tim.o
 .debug_info    0x0000209c       0xee ..\obj\startup_stm32f10x_md_vl.o
 .debug_info    0x0000218a      0x43d ..\obj\system_stm32f10x.o
 .debug_info    0x000025c7      0x49f ..\obj\stm32f10x_pwr.o
 .debug_info    0x00002a66      0x6f6 ..\obj\stm32f10x_gpio.o
 .debug_info    0x0000315c      0xc06 ..\obj\main.o
 .debug_info    0x00003d62      0x910 ..\obj\stm32f10x_rcc.o

.debug_abbrev   0x00000000      0xd18
 .debug_abbrev  0x00000000      0x18f ..\obj\stm32f10x_rtc.o
 .debug_abbrev  0x0000018f      0x1b2 ..\obj\stm32f10x_tim.o
 .debug_abbrev  0x00000341       0xa7 ..\obj\startup_stm32f10x_md_vl.o
 .debug_abbrev  0x000003e8      0x14e ..\obj\system_stm32f10x.o
 .debug_abbrev  0x00000536      0x181 ..\obj\stm32f10x_pwr.o
 .debug_abbrev  0x000006b7      0x1cc ..\obj\stm32f10x_gpio.o
 .debug_abbrev  0x00000883      0x2d9 ..\obj\main.o
 .debug_abbrev  0x00000b5c      0x1bc ..\obj\stm32f10x_rcc.o

.debug_aranges  0x00000000      0x6c0
 .debug_aranges
                0x00000000       0x88 ..\obj\stm32f10x_rtc.o
 .debug_aranges
                0x00000088      0x2f0 ..\obj\stm32f10x_tim.o
 .debug_aranges
                0x00000378       0x28 ..\obj\startup_stm32f10x_md_vl.o
 .debug_aranges
                0x000003a0       0x38 ..\obj\system_stm32f10x.o
 .debug_aranges
                0x000003d8       0x60 ..\obj\stm32f10x_pwr.o
 .debug_aranges
                0x00000438       0xa8 ..\obj\stm32f10x_gpio.o
 .debug_aranges
                0x000004e0       0xc0 ..\obj\main.o
 .debug_aranges
                0x000005a0      0x120 ..\obj\stm32f10x_rcc.o

.debug_ranges   0x00000000      0x640
 .debug_ranges  0x00000000       0x78 ..\obj\stm32f10x_rtc.o
 .debug_ranges  0x00000078      0x2e0 ..\obj\stm32f10x_tim.o
 .debug_ranges  0x00000358       0x18 ..\obj\startup_stm32f10x_md_vl.o
 .debug_ranges  0x00000370       0x28 ..\obj\system_stm32f10x.o
 .debug_ranges  0x00000398       0x50 ..\obj\stm32f10x_pwr.o
 .debug_ranges  0x000003e8       0x98 ..\obj\stm32f10x_gpio.o
 .debug_ranges  0x00000480       0xb0 ..\obj\main.o
 .debug_ranges  0x00000530      0x110 ..\obj\stm32f10x_rcc.o

.debug_line     0x00000000     0x207c
 .debug_line    0x00000000      0x296 ..\obj\stm32f10x_rtc.o
 .debug_line    0x00000296      0xb14 ..\obj\stm32f10x_tim.o
 .debug_line    0x00000daa       0x9f ..\obj\startup_stm32f10x_md_vl.o
 .debug_line    0x00000e49      0x1e9 ..\obj\system_stm32f10x.o
 .debug_line    0x00001032      0x247 ..\obj\stm32f10x_pwr.o
 .debug_line    0x00001279      0x394 ..\obj\stm32f10x_gpio.o
 .debug_line    0x0000160d      0x5d0 ..\obj\main.o
 .debug_line    0x00001bdd      0x49f ..\obj\stm32f10x_rcc.o

.debug_str      0x00000000     0x1de4
 .debug_str     0x00000000      0x334 ..\obj\stm32f10x_rtc.o
                                0x3a4 (size before relaxing)
 .debug_str     0x00000334      0xb7a ..\obj\stm32f10x_tim.o
                                0xddf (size before relaxing)
 .debug_str     0x00000eae       0xad ..\obj\startup_stm32f10x_md_vl.o
                                0x144 (size before relaxing)
 .debug_str     0x00000f5b      0x15c ..\obj\system_stm32f10x.o
                                0x2dc (size before relaxing)
 .debug_str     0x000010b7      0x121 ..\obj\stm32f10x_pwr.o
                                0x324 (size before relaxing)
 .debug_str     0x000011d8      0x371 ..\obj\stm32f10x_gpio.o
                                0x51b (size before relaxing)
 .debug_str     0x00001549      0x484 ..\obj\main.o
                                0x896 (size before relaxing)
 .debug_str     0x000019cd      0x417 ..\obj\stm32f10x_rcc.o
                                0x66f (size before relaxing)

.comment        0x00000000       0x6e
 .comment       0x00000000       0x6e ..\obj\stm32f10x_rtc.o
                                 0x6f (size before relaxing)
 .comment       0x0000006e       0x6f ..\obj\stm32f10x_tim.o
 .comment       0x0000006e       0x6f ..\obj\startup_stm32f10x_md_vl.o
 .comment       0x0000006e       0x6f ..\obj\system_stm32f10x.o
 .comment       0x0000006e       0x6f ..\obj\stm32f10x_pwr.o
 .comment       0x0000006e       0x6f ..\obj\stm32f10x_gpio.o
 .comment       0x0000006e       0x6f ..\obj\main.o
 .comment       0x0000006e       0x6f ..\obj\stm32f10x_rcc.o

.ARM.attributes
                0x00000000       0x33
 .ARM.attributes
                0x00000000       0x33 ..\obj\stm32f10x_rtc.o
 .ARM.attributes
                0x00000033       0x33 ..\obj\stm32f10x_tim.o
 .ARM.attributes
                0x00000066       0x33 ..\obj\startup_stm32f10x_md_vl.o
 .ARM.attributes
                0x00000099       0x33 ..\obj\system_stm32f10x.o
 .ARM.attributes
                0x000000cc       0x33 ..\obj\stm32f10x_pwr.o
 .ARM.attributes
                0x000000ff       0x33 ..\obj\stm32f10x_gpio.o
 .ARM.attributes
                0x00000132       0x33 ..\obj\main.o
 .ARM.attributes
                0x00000165       0x33 ..\obj\stm32f10x_rcc.o

.debug_frame    0x00000000     0x1d50
 .debug_frame   0x00000000      0x214 ..\obj\stm32f10x_rtc.o
 .debug_frame   0x00000214      0xe2c ..\obj\stm32f10x_tim.o
 .debug_frame   0x00001040       0x4c ..\obj\startup_stm32f10x_md_vl.o
 .debug_frame   0x0000108c       0x98 ..\obj\system_stm32f10x.o
 .debug_frame   0x00001124      0x164 ..\obj\stm32f10x_pwr.o
 .debug_frame   0x00001288      0x2d0 ..\obj\stm32f10x_gpio.o
 .debug_frame   0x00001558      0x2dc ..\obj\main.o
 .debug_frame   0x00001834      0x51c ..\obj\stm32f10x_rcc.o
