Microchip MPLAB XC8 Compiler V1.45 ()

Linker command line:

-W-3 --edf=K:\Microchip\xc8\v1.45\dat\en_msgs.txt -cs \
  -h+dist/default/production\lll.X.production.sym \
  --cmf=dist/default/production\lll.X.production.cmf -z -Q16F877A \
  -oC:\Users\User\AppData\Local\Temp\si8g.2 \
  -Mdist/default/production/lll.X.production.map -E1 -ver=XC8 \
  -ASTACK=0110h-016fh -pstack=STACK -ACODE=00h-07FFhx4 -ASTRCODE=00h-01FFFh \
  -ASTRING=00h-0FFhx32 -ACONST=00h-0FFhx32 -AENTRY=00h-0FFhx32 \
  -ACOMMON=070h-07Fh -ABANK0=020h-06Fh -ABANK1=0A0h-0EFh \
  -ABANK2=0110h-016Fh -ABANK3=0190h-01EFh \
  -ARAM=020h-06Fh,0A0h-0EFh,0110h-016Fh,0190h-01EFh \
  -AABS1=020h-07Fh,0A0h-0EFh,0110h-016Fh,0190h-01EFh -ASFR0=00h-01Fh \
  -ASFR1=080h-09Fh -ASFR2=0100h-010Fh -ASFR3=0180h-018Fh \
  -preset_vec=00h,intentry=04h,init,end_init -ppowerup=CODE -pcinit=CODE \
  -pfunctab=ENTRY -ACONFIG=02007h-02007h -pconfig=CONFIG -DCONFIG=2 \
  -AIDLOC=02000h-02003h -pidloc=IDLOC -DIDLOC=2 -AEEDATA=00h-0FFh/02100h \
  -peeprom_data=EEDATA -DEEDATA=2 -DCODE=2 -DSTRCODE=2 -DSTRING=2 -DCONST=2 \
  -DENTRY=2 -k C:\Users\User\AppData\Local\Temp\si8g.obj \
  dist/default/production\lll.X.production.obj 

Object code version is 3.11

Machine type is 16F877A



                Name                               Link     Load   Length Selector   Space Scale
C:\Users\User\AppData\Local\Temp\si8g.obj
                end_init                             12       12        3        8       0
                reset_vec                             0        0        3        0       0
                config                             2007     2007        1     400E       0
dist/default/production\lll.X.production.obj
                cinit                                15       15       1A        8       0
                intentry                              4        4        E        8       0
                text9                               4A2      4A2       69        8       0
                text8                               621      621       4F        8       0
                text7                               786      786       3E      E8C       0
                text6                               7C4      7C4       26      E8C       0
                text5                               50B      50B       62        8       0
                text4                               56D      56D       5B        8       0
                text3                               670      670       4D        8       0
                text2                               5C8      5C8       59        8       0
                text1                               415      415       8D        8       0
                maintext                             2F       2F      3E6        8       0
                cstackBANK0                          20       20       17       20       1
                cstackCOMMON                         70       70        8       70       1
                clrtext                             6BD      6BD        8        8       0
                inittext                            7EA      7EA       11      E8C       0
                dataBANK1                            A0       A0       40       A0       1
                bssBANK0                             37       37       15       20       1
                bssCOMMON                            78       78        2       70       1
                strings                             700      700       46      E00       0
                idataBANK1                          746      746       40      E8C       0

TOTAL           Name                               Link     Load   Length     Space
        CLASS   STACK          

        CLASS   CODE           
                end_init                             12       12        3         0
                cinit                                15       15       1A         0
                intentry                              4        4        E         0
                reset_vec                             0        0        3         0
                text9                               4A2      4A2       69         0
                text8                               621      621       4F         0
                text7                               786      786       3E         0
                text6                               7C4      7C4       26         0
                text5                               50B      50B       62         0
                text4                               56D      56D       5B         0
                text3                               670      670       4D         0
                text2                               5C8      5C8       59         0
                text1                               415      415       8D         0
                maintext                             2F       2F      3E6         0
                clrtext                             6BD      6BD        8         0
                inittext                            7EA      7EA       11         0
                idataBANK1                          746      746       40         0

        CLASS   STRCODE        

        CLASS   STRING         
                strings                             700      700       46         0

        CLASS   CONST          

        CLASS   ENTRY          

        CLASS   COMMON         
                cstackCOMMON                         70       70        8         1
                bssCOMMON                            78       78        2         1

        CLASS   BANK0          
                cstackBANK0                          20       20       17         1
                bssBANK0                             37       37       15         1

        CLASS   BANK1          
                dataBANK1                            A0       A0       40         1

        CLASS   BANK2          

        CLASS   BANK3          

        CLASS   RAM            

        CLASS   ABS1           
                abs_s1                               7E       7E        2         1

        CLASS   SFR0           

        CLASS   SFR1           

        CLASS   SFR2           

        CLASS   SFR3           

        CLASS   CONFIG         
                config                             2007     2007        1         0

        CLASS   IDLOC          

        CLASS   EEDATA         



SEGMENTS        Name                           Load    Length   Top    Selector   Space  Class     Delta

                reset_vec                      000000  000003  000003         0       0  CODE        2
                intentry                       000004  0006C1  0006C5         8       0  CODE        2
                cstackBANK0                    000020  00002C  00004C        20       1  BANK0       1
                cstackCOMMON                   000070  00000A  00007A        70       1  COMMON      1
                dataBANK1                      0000A0  000040  0000E0        A0       1  BANK1       1
                strings                        000700  000046  000746       E00       0  STRING      2
                idataBANK1                     000746  0000B5  0007FB       E8C       0  CODE        2
                config                         002007  000001  002008      400E       0  CONFIG      2


UNUSED ADDRESS RANGES

        Name                Unused          Largest block    Delta
        BANK0            004C-006F             24           1
        BANK1            00E0-00EF             10           1
        BANK2            0110-016F             60           1
        BANK3            0190-01EF             60           1
        CODE             0003-0003              1           2
                         06C5-06FF             3B
                         07FB-1FFF            800
        COMMON           007A-007D              4           1
        CONST            0003-0003              1           2
                         06C5-06FF             3B
                         07FB-1FFF            100
        EEDATA           2100-21FF            100           2
        ENTRY            0003-0003              1           2
                         06C5-06FF             3B
                         07FB-1FFF            100
        IDLOC            2000-2003              4           2
        RAM              004C-006F             24           1
                         00E0-00EF             10
                         0110-016F             60
                         0190-01EF             60
        SFR0             0000-001F             20           1
        SFR1             0080-009F             20           1
        SFR2             0100-010F             10           1
        SFR3             0180-018F             10           1
        STACK            0110-016F             60           1
        STRCODE          0003-0003              1           2
                         06C5-06FF             3B
                         07FB-1FFF           1805
        STRING           0003-0003              1           2
                         06C5-06FF             3B
                         07FB-1FFF            100

                                  Symbol Table

?___awdiv                cstackCOMMON 0074
?___awmod                cstackCOMMON 0074
LCDBusyLoop@busy         cstackBANK0  0020
LCDBusyLoop@status       cstackBANK0  0022
LCDBusyLoop@temp         cstackBANK0  0021
LCDByte@c                cstackBANK0  0027
LCDByte@hn               cstackBANK0  0025
LCDByte@isdata           cstackCOMMON 0076
LCDByte@ln               cstackBANK0  0026
LCDByte@temp             cstackBANK0  0028
LCDGotoXY@x              cstackBANK0  002A
LCDGotoXY@y              cstackBANK0  0029
LCDInit@__i              cstackBANK0  002C
LCDInit@style            cstackBANK0  002B
LCDWriteInt@F1170        bssBANK0     0037
LCDWriteString@cc        cstackBANK0  002B
LCDWriteString@msg       cstackBANK0  0029
_FB                      bssBANK0     003E
_GIE                     (abs)        005F
_LCDBusyLoop             text8        0621
_LCDByte                 text7        0786
_LCDGotoXY               text6        07C4
_LCDInit                 text5        050B
_LCDWriteString          text2        05C8
_OPTION_REG              (abs)        0081
_PEIE                    (abs)        005E
_PORTB                   (abs)        0006
_PORTBbits               (abs)        0006
_PORTD                   (abs)        0008
_RD4                     (abs)        0044
_RD5                     (abs)        0045
_RD6                     (abs)        0046
_SB                      bssBANK0     003C
_T0IF                    (abs)        005A
_T1CKPS0                 (abs)        0084
_T1CKPS1                 (abs)        0085
_T2CKPS0                 (abs)        0090
_T2CKPS1                 (abs)        0091
_TMR0                    (abs)        0001
_TMR0IE                  (abs)        005D
_TMR1                    (abs)        000E
_TMR1CS                  (abs)        0081
_TMR1IE                  (abs)        0460
_TMR1IF                  (abs)        0060
_TMR1ON                  (abs)        0080
_TMR2                    (abs)        0011
_TMR2IE                  (abs)        0461
_TMR2IF                  (abs)        0061
_TMR2ON                  (abs)        0092
_TRISB                   (abs)        0086
_TRISD                   (abs)        0088
_TRISDbits               (abs)        0088
__CFG_BOREN$ON           (abs)        0000
__CFG_CP$OFF             (abs)        0000
__CFG_CPD$OFF            (abs)        0000
__CFG_FOSC$HS            (abs)        0000
__CFG_LVP$ON             (abs)        0000
__CFG_PWRTE$OFF          (abs)        0000
__CFG_WDTE$OFF           (abs)        0000
__CFG_WRT$OFF            (abs)        0000
__Habs1                  abs1         0000
__Hbank0                 bank0        0000
__Hbank1                 bank1        0000
__Hbank2                 bank2        0000
__Hbank3                 bank3        0000
__HbssBANK0              bssBANK0     0000
__HbssCOMMON             bssCOMMON    0000
__Hcinit                 cinit        002F
__Hclrtext               clrtext      0000
__Hcode                  code         0000
__Hcommon                common       0000
__Hconfig                config       2008
__HcstackBANK0           cstackBANK0  0000
__HcstackCOMMON          cstackCOMMON 0000
__HdataBANK1             dataBANK1    0000
__Heeprom_data           eeprom_data  0000
__Hend_init              end_init     0015
__Hfunctab               functab      0000
__HidataBANK1            idataBANK1   0000
__Hidloc                 idloc        0000
__Hinit                  init         0012
__Hinittext              inittext     0000
__Hintentry              intentry     0012
__Hmaintext              maintext     0000
__Hpowerup               powerup      0000
__Hram                   ram          0000
__Hreset_vec             reset_vec    0003
__Hsfr0                  sfr0         0000
__Hsfr1                  sfr1         0000
__Hsfr2                  sfr2         0000
__Hsfr3                  sfr3         0000
__Hspace_0               (abs)        2008
__Hspace_1               (abs)        00E0
__Hspace_2               (abs)        0000
__Hspace_3               (abs)        0000
__Hstack                 stack        0000
__Hstrings               strings      0000
__Htext                  text         0000
__Labs1                  abs1         0000
__Lbank0                 bank0        0000
__Lbank1                 bank1        0000
__Lbank2                 bank2        0000
__Lbank3                 bank3        0000
__LbssBANK0              bssBANK0     0000
__LbssCOMMON             bssCOMMON    0000
__Lcinit                 cinit        0015
__Lclrtext               clrtext      0000
__Lcode                  code         0000
__Lcommon                common       0000
__Lconfig                config       2007
__LcstackBANK0           cstackBANK0  0000
__LcstackCOMMON          cstackCOMMON 0000
__LdataBANK1             dataBANK1    0000
__Leeprom_data           eeprom_data  0000
__Lend_init              end_init     0012
__Lfunctab               functab      0000
__LidataBANK1            idataBANK1   0000
__Lidloc                 idloc        0000
__Linit                  init         0012
__Linittext              inittext     0000
__Lintentry              intentry     0004
__Lmaintext              maintext     0000
__Lpowerup               powerup      0000
__Lram                   ram          0000
__Lreset_vec             reset_vec    0000
__Lsfr0                  sfr0         0000
__Lsfr1                  sfr1         0000
__Lsfr2                  sfr2         0000
__Lsfr3                  sfr3         0000
__Lspace_0               (abs)        0000
__Lspace_1               (abs)        0000
__Lspace_2               (abs)        0000
__Lspace_3               (abs)        0000
__Lstack                 stack        0000
__Lstrings               strings      0000
__Ltext                  text         0000
__S0                     (abs)        2008
__S1                     (abs)        00E0
__S2                     (abs)        0000
__S3                     (abs)        0000
___awdiv                 text4        056D
___awdiv@counter         cstackBANK0  0021
___awdiv@dividend        cstackCOMMON 0076
___awdiv@divisor         cstackCOMMON 0074
___awdiv@quotient        cstackBANK0  0023
___awdiv@sign            cstackBANK0  0022
___awmod                 text3        0670
___awmod@counter         cstackBANK0  0021
___awmod@dividend        cstackCOMMON 0076
___awmod@divisor         cstackCOMMON 0074
___awmod@sign            cstackBANK0  0022
___cgram                 dataBANK1    00A0
___int_sp                stack        0000
___latbits               (abs)        0002
___sp                    stack        0000
__end_of_LCDBusyLoop     text8        0670
__end_of_LCDByte         text7        07C4
__end_of_LCDGotoXY       text6        07EA
__end_of_LCDInit         text5        056D
__end_of_LCDWriteString  text2        0621
__end_of___awdiv         text4        05C8
__end_of___awmod         text3        06BD
__end_of__initialization cinit        002B
__end_of__stringtab      strings      0710
__end_of_clockTime       text1        04A2
__end_of_isr             text9        050B
__end_of_main            maintext     0415
__initialization         cinit        0015
__pbssBANK0              bssBANK0     0037
__pbssCOMMON             bssCOMMON    0078
__pcstackBANK0           cstackBANK0  0020
__pcstackCOMMON          cstackCOMMON 0070
__pdataBANK1             dataBANK1    00A0
__pidataBANK1            idataBANK1   0746
__pintentry              intentry     0004
__pmaintext              maintext     002F
__pstrings               strings      0700
__ptext1                 text1        0415
__ptext2                 text2        05C8
__ptext3                 text3        0670
__ptext4                 text4        056D
__ptext5                 text5        050B
__ptext6                 text6        07C4
__ptext7                 text7        0786
__ptext8                 text8        0621
__ptext9                 text9        04A2
__size_of_LCDBusyLoop    (abs)        0000
__size_of_LCDByte        (abs)        0000
__size_of_LCDGotoXY      (abs)        0000
__size_of_LCDInit        (abs)        0000
__size_of_LCDWriteString (abs)        0000
__size_of___awdiv        (abs)        0000
__size_of___awmod        (abs)        0000
__size_of_clockTime      (abs)        0000
__size_of_isr            (abs)        0000
__size_of_main           (abs)        0000
__stringbase             strings      070F
__stringtab              strings      0700
_clockTime               text1        0415
_hours                   bssBANK0     0046
_isr                     text9        04A2
_main                    maintext     002F
_minute                  bssBANK0     0048
_second                  bssBANK0     004A
_vrH                     bssBANK0     0040
_vrM                     bssBANK0     0042
_vrS                     bssBANK0     0044
btemp                    (abs)        007E
clear_ram0               clrtext      06BD
clockTime@x              cstackBANK0  002C
end_of_initialization    cinit        002B
init_fetch0              inittext     07EA
init_ram0                inittext     07EE
interrupt_function       intentry     0004
intlevel0                functab      0000
intlevel1                functab      0000
intlevel2                functab      0000
intlevel3                functab      0000
intlevel4                functab      0000
intlevel5                functab      0000
main@smile               cstackBANK0  002F
reset_vec                reset_vec    0000
saved_w                  (abs)        007E
stackhi                  (abs)        0000
stacklo                  (abs)        0000
start                    init         0012
start_initialization     cinit        0015
wtemp0                   (abs)        007E


FUNCTION INFORMATION:

 *************** function _main *****************
 Defined at:
		line 130 in file "main.c"
 Parameters:    Size  Location     Type
		None
 Auto vars:     Size  Location     Type
  smile           8   15[BANK0 ] unsigned char [8]
 Return value:  Size  Location     Type
                  1    wreg      void 
 Registers used:
		wreg, fsr0l, fsr0h, status,2, status,0, btemp+1, pclath, cstack
 Tracked objects:
		On entry : 
		On exit  : 
		Unchanged: 
 Data sizes:     COMMON   BANK0   BANK1   BANK3   BANK2
      Params:         0       0       0       0       0
      Locals:         0       8       0       0       0
      Temps:          0       1       0       0       0
      Totals:         0       9       0       0       0
Total ram usage:        9 bytes
 Hardware stack levels required when called:    5
 This function calls:
		_LCDByte
		_LCDGotoXY
		_LCDInit
		_LCDWriteString
		___awdiv
		___awmod
		_clockTime
 This function is called by:
		Startup code after reset
 This function uses a non-reentrant model


 *************** function _clockTime *****************
 Defined at:
		line 25 in file "main.c"
 Parameters:    Size  Location     Type
  x               2   12[BANK0 ] int 
 Auto vars:     Size  Location     Type
		None
 Return value:  Size  Location     Type
                  1    wreg      void 
 Registers used:
		wreg, fsr0l, fsr0h, status,2, status,0, btemp+1, pclath, cstack
 Tracked objects:
		On entry : 
		On exit  : 
		Unchanged: 
 Data sizes:     COMMON   BANK0   BANK1   BANK3   BANK2
      Params:         0       2       0       0       0
      Locals:         0       0       0       0       0
      Temps:          0       0       0       0       0
      Totals:         0       2       0       0       0
Total ram usage:        2 bytes
 Hardware stack levels used:    1
 Hardware stack levels required when called:    4
 This function calls:
		_LCDWriteString
 This function is called by:
		_main
 This function uses a non-reentrant model


 *************** function _LCDWriteString *****************
 Defined at:
		line 250 in file "lcd_hd44780_pic16.c"
 Parameters:    Size  Location     Type
  msg             2    9[BANK0 ] PTR const unsigned char 
		 -> STR_20(2), STR_19(2), STR_18(2), STR_17(2), 
		 -> STR_16(2), STR_15(2), STR_14(9), STR_13(8), 
		 -> STR_12(8), STR_11(7), main@smile(8), STR_10(2), 
		 -> STR_9(2), STR_8(2), STR_7(2), STR_6(2), 
		 -> STR_5(2), STR_4(2), STR_3(2), STR_2(2), 
		 -> STR_1(2), 
 Auto vars:     Size  Location     Type
  cc              1   11[BANK0 ] char 
 Return value:  Size  Location     Type
                  1    wreg      void 
 Registers used:
		wreg, fsr0l, fsr0h, status,2, status,0, btemp+1, pclath, cstack
 Tracked objects:
		On entry : 
		On exit  : 
		Unchanged: 
 Data sizes:     COMMON   BANK0   BANK1   BANK3   BANK2
      Params:         0       2       0       0       0
      Locals:         0       1       0       0       0
      Temps:          1       0       0       0       0
      Totals:         1       3       0       0       0
Total ram usage:        4 bytes
 Hardware stack levels used:    1
 Hardware stack levels required when called:    3
 This function calls:
		_LCDByte
 This function is called by:
		_clockTime
		_main
 This function uses a non-reentrant model


 *************** function ___awmod *****************
 Defined at:
		line 6 in file "K:\Microchip\xc8\v1.45\sources\common\awmod.c"
 Parameters:    Size  Location     Type
  divisor         2    4[COMMON] int 
  dividend        2    6[COMMON] int 
 Auto vars:     Size  Location     Type
  sign            1    2[BANK0 ] unsigned char 
  counter         1    1[BANK0 ] unsigned char 
 Return value:  Size  Location     Type
                  2    4[COMMON] int 
 Registers used:
		wreg, status,2, status,0
 Tracked objects:
		On entry : 
		On exit  : 
		Unchanged: 
 Data sizes:     COMMON   BANK0   BANK1   BANK3   BANK2
      Params:         4       0       0       0       0
      Locals:         0       2       0       0       0
      Temps:          0       1       0       0       0
      Totals:         4       3       0       0       0
Total ram usage:        7 bytes
 Hardware stack levels used:    1
 Hardware stack levels required when called:    1
 This function calls:
		Nothing
 This function is called by:
		_main
		_LCDWriteInt
 This function uses a non-reentrant model


 *************** function ___awdiv *****************
 Defined at:
		line 6 in file "K:\Microchip\xc8\v1.45\sources\common\awdiv.c"
 Parameters:    Size  Location     Type
  divisor         2    4[COMMON] int 
  dividend        2    6[COMMON] int 
 Auto vars:     Size  Location     Type
  quotient        2    3[BANK0 ] int 
  sign            1    2[BANK0 ] unsigned char 
  counter         1    1[BANK0 ] unsigned char 
 Return value:  Size  Location     Type
                  2    4[COMMON] int 
 Registers used:
		wreg, status,2, status,0
 Tracked objects:
		On entry : 
		On exit  : 
		Unchanged: 
 Data sizes:     COMMON   BANK0   BANK1   BANK3   BANK2
      Params:         4       0       0       0       0
      Locals:         0       4       0       0       0
      Temps:          0       1       0       0       0
      Totals:         4       5       0       0       0
Total ram usage:        9 bytes
 Hardware stack levels used:    1
 Hardware stack levels required when called:    1
 This function calls:
		Nothing
 This function is called by:
		_main
		_LCDWriteInt
 This function uses a non-reentrant model


 *************** function _LCDInit *****************
 Defined at:
		line 192 in file "lcd_hd44780_pic16.c"
 Parameters:    Size  Location     Type
  style           1    wreg     unsigned char 
 Auto vars:     Size  Location     Type
  style           1   11[BANK0 ] unsigned char 
  __i             1   12[BANK0 ] unsigned char 
 Return value:  Size  Location     Type
                  1    wreg      void 
 Registers used:
		wreg, fsr0l, fsr0h, status,2, status,0, pclath, cstack
 Tracked objects:
		On entry : 
		On exit  : 
		Unchanged: 
 Data sizes:     COMMON   BANK0   BANK1   BANK3   BANK2
      Params:         0       0       0       0       0
      Locals:         0       2       0       0       0
      Temps:          0       2       0       0       0
      Totals:         0       4       0       0       0
Total ram usage:        4 bytes
 Hardware stack levels used:    1
 Hardware stack levels required when called:    3
 This function calls:
		_LCDBusyLoop
		_LCDByte
 This function is called by:
		_main
 This function uses a non-reentrant model


 *************** function _LCDGotoXY *****************
 Defined at:
		line 351 in file "lcd_hd44780_pic16.c"
 Parameters:    Size  Location     Type
  x               1    wreg     unsigned char 
  y               1    9[BANK0 ] unsigned char 
 Auto vars:     Size  Location     Type
  x               1   10[BANK0 ] unsigned char 
 Return value:  Size  Location     Type
                  1    wreg      void 
 Registers used:
		wreg, fsr0l, fsr0h, status,2, status,0, pclath, cstack
 Tracked objects:
		On entry : 
		On exit  : 
		Unchanged: 
 Data sizes:     COMMON   BANK0   BANK1   BANK3   BANK2
      Params:         0       1       0       0       0
      Locals:         0       1       0       0       0
      Temps:          1       0       0       0       0
      Totals:         1       2       0       0       0
Total ram usage:        3 bytes
 Hardware stack levels used:    1
 Hardware stack levels required when called:    3
 This function calls:
		_LCDByte
 This function is called by:
		_main
 This function uses a non-reentrant model


 *************** function _LCDByte *****************
 Defined at:
		line 79 in file "lcd_hd44780_pic16.c"
 Parameters:    Size  Location     Type
  c               1    wreg     unsigned char 
  isdata          1    6[COMMON] unsigned char 
 Auto vars:     Size  Location     Type
  c               1    7[BANK0 ] unsigned char 
  temp            1    8[BANK0 ] unsigned char 
  ln              1    6[BANK0 ] unsigned char 
  hn              1    5[BANK0 ] unsigned char 
 Return value:  Size  Location     Type
                  1    wreg      void 
 Registers used:
		wreg, status,2, status,0, pclath, cstack
 Tracked objects:
		On entry : 
		On exit  : 
		Unchanged: 
 Data sizes:     COMMON   BANK0   BANK1   BANK3   BANK2
      Params:         1       0       0       0       0
      Locals:         0       4       0       0       0
      Temps:          0       2       0       0       0
      Totals:         1       6       0       0       0
Total ram usage:        7 bytes
 Hardware stack levels used:    1
 Hardware stack levels required when called:    2
 This function calls:
		_LCDBusyLoop
 This function is called by:
		_LCDInit
		_LCDWriteString
		_LCDGotoXY
		_main
		_LCDWriteInt
 This function uses a non-reentrant model


 *************** function _LCDBusyLoop *****************
 Defined at:
		line 134 in file "lcd_hd44780_pic16.c"
 Parameters:    Size  Location     Type
		None
 Auto vars:     Size  Location     Type
  status          1    2[BANK0 ] unsigned char 
  temp            1    1[BANK0 ] unsigned char 
  busy            1    0[BANK0 ] unsigned char 
 Return value:  Size  Location     Type
                  1    wreg      void 
 Registers used:
		wreg, status,2, status,0
 Tracked objects:
		On entry : 
		On exit  : 
		Unchanged: 
 Data sizes:     COMMON   BANK0   BANK1   BANK3   BANK2
      Params:         0       0       0       0       0
      Locals:         0       3       0       0       0
      Temps:          2       0       0       0       0
      Totals:         2       3       0       0       0
Total ram usage:        5 bytes
 Hardware stack levels used:    1
 Hardware stack levels required when called:    1
 This function calls:
		Nothing
 This function is called by:
		_LCDByte
		_LCDInit
 This function uses a non-reentrant model


 *************** function _isr *****************
 Defined at:
		line 82 in file "main.c"
 Parameters:    Size  Location     Type
		None
 Auto vars:     Size  Location     Type
		None
 Return value:  Size  Location     Type
                  1    wreg      void 
 Registers used:
		wreg, status,2, btemp+1
 Tracked objects:
		On entry : 
		On exit  : 
		Unchanged: 
 Data sizes:     COMMON   BANK0   BANK1   BANK3   BANK2
      Params:         0       0       0       0       0
      Locals:         0       0       0       0       0
      Temps:          4       0       0       0       0
      Totals:         4       0       0       0       0
Total ram usage:        4 bytes
 Hardware stack levels used:    1
 This function calls:
		Nothing
 This function is called by:
		Interrupt level 1
 This function uses a non-reentrant model



MODULE INFORMATION

Module		Function		Class		Link	Load	Size
K:\Microchip\xc8\v1.45\sources\common\awmod.c
		___awmod       		CODE           	0670	0000	78

K:\Microchip\xc8\v1.45\sources\common\awmod.c estimated size: 78

shared
		__stringtab    		STRING         	0700	0000	17
		__initialization		CODE           	0015	0000	23

shared estimated size: 40

K:\Microchip\xc8\v1.45\sources\common\awdiv.c
		___awdiv       		CODE           	056D	0000	92

K:\Microchip\xc8\v1.45\sources\common\awdiv.c estimated size: 92

lcd_hd44780_pic16.c
		_LCDByte       		CODE           	0786	0000	63
		_LCDInit       		CODE           	050B	0000	99
		_LCDWriteString		CODE           	05C8	0000	90
		_LCDGotoXY     		CODE           	07C4	0000	39
		_LCDBusyLoop   		CODE           	0621	0000	80

lcd_hd44780_pic16.c estimated size: 371

main.c
		_clockTime     		CODE           	0415	0000	142
		_main          		CODE           	002F	0000	999
		_isr           		CODE           	04A2	0000	106

main.c estimated size: 1247

